<?xml version="1.0" encoding="utf-8" standalone="yes"?>
<rss version="2.0" xmlns:atom="http://www.w3.org/2005/Atom" xmlns:content="http://purl.org/rss/1.0/modules/content/">
  <channel>
    <title>
io
       on 白天’s Blog</title>
    <link>http://example.org/tags/io/</link>
    <description>Recent content in 
io
       on 白天’s Blog</description>
    <generator>Hugo -- gohugo.io</generator>
    <language>en-us</language>
    <lastBuildDate>Fri, 06 Dec 2013 12:24:36 +0000</lastBuildDate><atom:link href="http://example.org/tags/io/index.xml" rel="self" type="application/rss+xml" />
    <item>
      <title>阿里云(aliyun)青岛节点挂载硬盘io测试</title>
      <link>http://example.org/2013/12/06/aliyun-shandong-mount-disk-io-test/</link>
      <pubDate>Fri, 06 Dec 2013 12:24:36 +0000</pubDate>
      
      <guid>http://example.org/2013/12/06/aliyun-shandong-mount-disk-io-test/</guid>
      <description>杭州节点已经停售了，在青岛订购了一台，贴上测试结果。
fdisk -l Disk /dev/xvda: 21.5 GB, 21474754560 bytes 255 heads, 63 sectors/track, 2610 cylinders Units = cylinders of 16065 * 512 = 8225280 bytes Sector size (logical/physical): 512 bytes / 512 bytes I/O size (minimum/optimal): 512 bytes / 512 bytes Disk identifier: 0x00090497 Device Boot Start End Blocks Id System /dev/xvda1 * 1 2611 20969472 83 Linux Disk /dev/xvdb: 53.7 GB, 53687091200 bytes 255 heads, 63 sectors/track, 6527 cylinders Units = cylinders of 16065 * 512 = 8225280 bytes Sector size (logical/physical): 512 bytes / 512 bytes I/O size (minimum/optimal): 512 bytes / 512 bytes Disk identifier: 0x00000000 Disk /dev/xvdb doesn&#39;t contain a valid partition table 分区</description>
    </item>
    
  </channel>
</rss>
